---
source: src/parser.rs
expression: parsed.to_string()
---

